`{
  "model": "gpt-4o",
  "tools": [
    {
      "function": {
        "toolID": "testdata/TestContextSubChat/test.gpt:chatbot",
        "name": "chatbot",
        "parameters": {
          "properties": {
            "defaultPromptParameter": {
              "description": "Prompt to send to the assistant. This may be an instruction or question.",
              "type": "string"
            }
          },
          "type": "object"
        }
      }
    }
  ],
  "messages": [
    {
      "role": "system",
      "content": [
        {
          "text": "Call chatbot"
        }
      ],
      "usage": {}
    },
    {
      "role": "assistant",
      "content": [
        {
          "toolCall": {
            "index": 0,
            "id": "call_1",
            "function": {
              "name": "chatbot",
              "arguments": "Input to chatbot1"
            }
          }
        }
      ],
      "usage": {}
    },
    {
      "role": "tool",
      "content": [
        {
          "text": "Response from context chatbot"
        }
      ],
      "toolCall": {
        "index": 0,
        "id": "call_1",
        "function": {
          "name": "chatbot",
          "arguments": "Input to chatbot1"
        }
      },
      "usage": {}
    }
  ]
}`
