`{
  "model": "gpt-4o",
  "internalSystemPrompt": false,
  "tools": [
    {
      "function": {
        "toolID": "sys.chat.finish",
        "name": "chatFinish",
        "description": "Concludes the conversation. This can not be used to ask a question.",
        "parameters": {
          "properties": {
            "return": {
              "description": "The instructed value to return or a summary of the dialog if no value is instructed",
              "type": "string"
            }
          },
          "type": "object"
        }
      }
    }
  ],
  "messages": [
    {
      "role": "system",
      "content": [
        {
          "text": "This is a chatbot"
        }
      ],
      "usage": {}
    },
    {
      "role": "user",
      "content": [
        {
          "text": "Input to chatbot1 on resume"
        }
      ],
      "usage": {}
    }
  ],
  "chat": true
}`
