`{
  "model": "gpt-4o",
  "internalSystemPrompt": false,
  "messages": [
    {
      "role": "system",
      "content": [
        {
          "text": "Assistant Response 5 - from context tool resume\nHello"
        }
      ],
      "usage": {}
    },
    {
      "role": "user",
      "content": [
        {
          "text": "User 1"
        }
      ],
      "usage": {}
    },
    {
      "role": "assistant",
      "content": [
        {
          "text": "Assistant Response 3 - from main chat tool"
        }
      ],
      "usage": {}
    },
    {
      "role": "user",
      "content": [
        {
          "text": "User 3"
        }
      ],
      "usage": {}
    }
  ],
  "chat": true
}`
