`{
  "model": "gpt-4o",
  "internalSystemPrompt": false,
  "messages": [
    {
      "role": "system",
      "content": [
        {
          "text": "Assistant Response 2 - from context tool\nHello"
        }
      ],
      "usage": {}
    },
    {
      "role": "user",
      "content": [
        {
          "text": "User 1"
        }
      ],
      "usage": {}
    }
  ],
  "chat": true
}`
