`{
  "done": false,
  "content": "Assistant Response 3 - from main chat tool",
  "toolID": "testdata/TestContextSubChat/test.gpt:",
  "state": {
    "continuation": {
      "state": {
        "input": "User 1",
        "completion": {
          "model": "gpt-4o",
          "internalSystemPrompt": false,
          "messages": [
            {
              "role": "system",
              "content": [
                {
                  "text": "Assistant Response 2 - from context tool\nHello"
                }
              ],
              "usage": {}
            },
            {
              "role": "user",
              "content": [
                {
                  "text": "User 1"
                }
              ],
              "usage": {}
            },
            {
              "role": "assistant",
              "content": [
                {
                  "text": "Assistant Response 3 - from main chat tool"
                }
              ],
              "usage": {}
            }
          ],
          "chat": true
        }
      },
      "result": "Assistant Response 3 - from main chat tool"
    },
    "continuationToolID": "testdata/TestContextSubChat/test.gpt:"
  }
}`
