`{
  "model": "gpt-4o",
  "tools": [
    {
      "function": {
        "toolID": "testdata/TestExportContext/test.gpt:subtool",
        "name": "subtool",
        "parameters": {
          "properties": {
            "defaultPromptParameter": {
              "description": "Prompt to send to the tool. This may be an instruction or question.",
              "type": "string"
            }
          },
          "type": "object"
        }
      }
    },
    {
      "function": {
        "toolID": "testdata/TestExportContext/test.gpt:sampletool",
        "name": "sampletool",
        "description": "sample",
        "parameters": {
          "properties": {
            "foo": {
              "description": "foo description",
              "type": "string"
            }
          },
          "type": "object"
        }
      }
    }
  ],
  "messages": [
    {
      "role": "system",
      "content": [
        {
          "text": "this is from external context\nthis is from context\nThis is from tool"
        }
      ],
      "usage": {}
    }
  ]
}`
